Archive member included because of file (symbol)

c:/program files/atmel/avr studio 5.1/extensions/atmel/avrgcc/3.3.1/avrtoolchain/bin/../lib/gcc/avr/4.5.1/avrxmega6\libgcc.a(_mulsi3.o)
                              src/asf/common/services/calendar/calendar.o (__mulsi3)
c:/program files/atmel/avr studio 5.1/extensions/atmel/avrgcc/3.3.1/avrtoolchain/bin/../lib/gcc/avr/4.5.1/avrxmega6\libgcc.a(_udivmodhi4.o)
                              src/asf/common/services/calendar/calendar.o (__udivmodhi4)
c:/program files/atmel/avr studio 5.1/extensions/atmel/avrgcc/3.3.1/avrtoolchain/bin/../lib/gcc/avr/4.5.1/avrxmega6\libgcc.a(_udivmodsi4.o)
                              src/asf/common/services/calendar/calendar.o (__udivmodsi4)
c:/program files/atmel/avr studio 5.1/extensions/atmel/avrgcc/3.3.1/avrtoolchain/bin/../lib/gcc/avr/4.5.1/avrxmega6\libgcc.a(_exit.o)
                              c:/program files/atmel/avr studio 5.1/extensions/atmel/avrgcc/3.3.1/avrtoolchain/bin/../lib/gcc/avr/4.5.1/../../../../avr/lib/avrxmega6/crtx256a3b.o (exit)
c:/program files/atmel/avr studio 5.1/extensions/atmel/avrgcc/3.3.1/avrtoolchain/bin/../lib/gcc/avr/4.5.1/avrxmega6\libgcc.a(_copy_data.o)
                              src/asf/common/services/calendar/calendar.o (__do_copy_data)
c:/program files/atmel/avr studio 5.1/extensions/atmel/avrgcc/3.3.1/avrtoolchain/bin/../lib/gcc/avr/4.5.1/avrxmega6\libgcc.a(_clear_bss.o)
                              src/asf/common/services/sleepmgr/xmega/sleepmgr.o (__do_clear_bss)
c:/program files/atmel/avr studio 5.1/extensions/atmel/avrgcc/3.3.1/avrtoolchain/bin/../lib/gcc/avr/4.5.1/../../../../avr/lib/avrxmega6\libc.a(abort.o)
                              src/asf/common/services/calendar/calendar.o (abort)
c:/program files/atmel/avr studio 5.1/extensions/atmel/avrgcc/3.3.1/avrtoolchain/bin/../lib/gcc/avr/4.5.1/../../../../avr/lib/avrxmega6\libc.a(atoi.o)
                              src/messages_callbacks.o (atoi)
c:/program files/atmel/avr studio 5.1/extensions/atmel/avrgcc/3.3.1/avrtoolchain/bin/../lib/gcc/avr/4.5.1/../../../../avr/lib/avrxmega6\libc.a(memcmp.o)
                              src/DTG.o (memcmp)
c:/program files/atmel/avr studio 5.1/extensions/atmel/avrgcc/3.3.1/avrtoolchain/bin/../lib/gcc/avr/4.5.1/../../../../avr/lib/avrxmega6\libc.a(memcpy.o)
                              src/asf/xmega/drivers/nvm/nvm.o (memcpy)
c:/program files/atmel/avr studio 5.1/extensions/atmel/avrgcc/3.3.1/avrtoolchain/bin/../lib/gcc/avr/4.5.1/../../../../avr/lib/avrxmega6\libc.a(mul10.o)
                              c:/program files/atmel/avr studio 5.1/extensions/atmel/avrgcc/3.3.1/avrtoolchain/bin/../lib/gcc/avr/4.5.1/../../../../avr/lib/avrxmega6\libc.a(atoi.o) (__mulhi_const_10)
c:/program files/atmel/avr studio 5.1/extensions/atmel/avrgcc/3.3.1/avrtoolchain/bin/../lib/gcc/avr/4.5.1/../../../../avr/lib/avrxmega6\libc.a(sprintf.o)
                              src/SOMFY/somfyRS485.o (sprintf)
c:/program files/atmel/avr studio 5.1/extensions/atmel/avrgcc/3.3.1/avrtoolchain/bin/../lib/gcc/avr/4.5.1/../../../../avr/lib/avrxmega6\libc.a(vfprintf_std.o)
                              c:/program files/atmel/avr studio 5.1/extensions/atmel/avrgcc/3.3.1/avrtoolchain/bin/../lib/gcc/avr/4.5.1/../../../../avr/lib/avrxmega6\libc.a(sprintf.o) (vfprintf)
c:/program files/atmel/avr studio 5.1/extensions/atmel/avrgcc/3.3.1/avrtoolchain/bin/../lib/gcc/avr/4.5.1/../../../../avr/lib/avrxmega6\libc.a(strnlen_P.o)
                              c:/program files/atmel/avr studio 5.1/extensions/atmel/avrgcc/3.3.1/avrtoolchain/bin/../lib/gcc/avr/4.5.1/../../../../avr/lib/avrxmega6\libc.a(vfprintf_std.o) (strnlen_P)
c:/program files/atmel/avr studio 5.1/extensions/atmel/avrgcc/3.3.1/avrtoolchain/bin/../lib/gcc/avr/4.5.1/../../../../avr/lib/avrxmega6\libc.a(strnlen.o)
                              c:/program files/atmel/avr studio 5.1/extensions/atmel/avrgcc/3.3.1/avrtoolchain/bin/../lib/gcc/avr/4.5.1/../../../../avr/lib/avrxmega6\libc.a(vfprintf_std.o) (strnlen)
c:/program files/atmel/avr studio 5.1/extensions/atmel/avrgcc/3.3.1/avrtoolchain/bin/../lib/gcc/avr/4.5.1/../../../../avr/lib/avrxmega6\libc.a(fputc.o)
                              c:/program files/atmel/avr studio 5.1/extensions/atmel/avrgcc/3.3.1/avrtoolchain/bin/../lib/gcc/avr/4.5.1/../../../../avr/lib/avrxmega6\libc.a(vfprintf_std.o) (fputc)
c:/program files/atmel/avr studio 5.1/extensions/atmel/avrgcc/3.3.1/avrtoolchain/bin/../lib/gcc/avr/4.5.1/../../../../avr/lib/avrxmega6\libc.a(ultoa_invert.o)
                              c:/program files/atmel/avr studio 5.1/extensions/atmel/avrgcc/3.3.1/avrtoolchain/bin/../lib/gcc/avr/4.5.1/../../../../avr/lib/avrxmega6\libc.a(vfprintf_std.o) (__ultoa_invert)

Allocating common symbols
Common symbol       size              file

somfyRxDevBuffer    0x80              src/SOMFY/somfySerialMgr.o
PCinterRxBuffer     0x80              src/PCserialMgr.o
somfyTxDevBuffer    0x80              src/SOMFY/somfySerialMgr.o
[...]
Memory Configuration

Name             Origin             Length             Attributes
text             0x00000000         0x00100000         xr
data             0x00802000         0x0000ffa0         rw !x
eeprom           0x00810000         0x00010000         rw !x
fuse             0x00820000         0x00000400         rw !x
lock             0x00830000         0x00000400         rw !x
signature        0x00840000         0x00000400         rw !x
*default*        0x00000000         0xffffffff

Linker script and memory map

LOAD c:/program files/atmel/avr studio 5.1/extensions/atmel/avrgcc/3.3.1/avrtoolchain/bin/../lib/gcc/avr/4.5.1/../../../../avr/lib/avrxmega6/crtx256a3b.o
LOAD src/asf/common/services/calendar/calendar.o
LOAD src/asf/common/services/clock/xmega/sysclk.o
LOAD src/asf/common/services/serial/usart_serial.o
LOAD src/asf/common/services/sleepmgr/xmega/sleepmgr.o
LOAD src/asf/common/utils/stdio/read.o
LOAD src/asf/common/utils/stdio/write.o
LOAD src/asf/xmega/boards/stk600/rc064x/init.o
LOAD src/asf/xmega/drivers/cpu/ccp.o
LOAD src/asf/xmega/drivers/ioport/ioport.o
LOAD src/asf/xmega/drivers/nvm/nvm.o
LOAD src/asf/xmega/drivers/nvm/nvm_asm.o
LOAD src/asf/xmega/drivers/tc/tc.o
LOAD src/asf/xmega/drivers/usart/usart.o
LOAD src/DTG.o
LOAD src/main.o
LOAD src/masterSerialMgr.o
LOAD src/mControl_interface.o
LOAD src/messages_callbacks.o
LOAD src/PCserialMgr.o
LOAD src/print_func.o
LOAD src/SOMFY/somfyRS485.o
LOAD src/SOMFY/somfySerialMgr.o
LOAD src/SOMFY/somfy_control.o
LOAD src/SOMFY/somfy_dummyDevice.o
LOAD src/SOMFY/somfy_settings.o
LOAD src/SOMFY/somfy_status.o
LOAD src/tempSerialMgr.o
LOAD c:/program files/atmel/avr studio 5.1/extensions/atmel/avrgcc/3.3.1/avrtoolchain/bin/../lib/gcc/avr/4.5.1/avrxmega6\libgcc.a
LOAD c:/program files/atmel/avr studio 5.1/extensions/atmel/avrgcc/3.3.1/avrtoolchain/bin/../lib/gcc/avr/4.5.1/../../../../avr/lib/avrxmega6\libc.a
LOAD c:/program files/atmel/avr studio 5.1/extensions/atmel/avrgcc/3.3.1/avrtoolchain/bin/../lib/gcc/avr/4.5.1/avrxmega6\libgcc.a

.hash
 *(.hash)

.dynsym
 *(.dynsym)

.dynstr
 *(.dynstr)

.gnu.version
 *(.gnu.version)

.gnu.version_d
 *(.gnu.version_d)

.gnu.version_r
 *(.gnu.version_r)

.rel.init
 *(.rel.init)

.rela.init
 *(.rela.init)

.rel.text
 *(.rel.text)
 *(.rel.text.*)
 *(.rel.gnu.linkonce.t*)

.rela.text
 *(.rela.text)
 *(.rela.text.*)
 *(.rela.gnu.linkonce.t*)

.rel.fini
 *(.rel.fini)

.rela.fini
 *(.rela.fini)

.rel.rodata
 *(.rel.rodata)
 *(.rel.rodata.*)
 *(.rel.gnu.linkonce.r*)

.rela.rodata
 *(.rela.rodata)
 *(.rela.rodata.*)
 *(.rela.gnu.linkonce.r*)

.rel.data
 *(.rel.data)
 *(.rel.data.*)
 *(.rel.gnu.linkonce.d*)

.rela.data
 *(.rela.data)
 *(.rela.data.*)
 *(.rela.gnu.linkonce.d*)

.rel.ctors
 *(.rel.ctors)

.rela.ctors
 *(.rela.ctors)

.rel.dtors
 *(.rel.dtors)

.rela.dtors
 *(.rela.dtors)

.rel.got
 *(.rel.got)

.rela.got
 *(.rela.got)

.rel.bss
 *(.rel.bss)

.rela.bss
 *(.rela.bss)

.rel.plt
 *(.rel.plt)

.rela.plt
 *(.rela.plt)

.text           0x00000000     0x3d96
 *(.vectors)
 .vectors       0x00000000      0x1e8 c:/program files/atmel/avr studio 5.1/extensions/atmel/avrgcc/3.3.1/avrtoolchain/bin/../lib/gcc/avr/4.5.1/../../../../avr/lib/avrxmega6/crtx256a3b.o
                0x00000000                __vector_default
                0x00000000                __vectors
 *(.vectors)
 *(.progmem.gcc*)
 *(.progmem*)
 .progmem.data  0x000001e8       0x1d src/messages_callbacks.o
                0x000001e8                cmd_query
                0x000001ee                cmd_send
                0x000001f3                cmd_up
                0x000001f6                cmd_down
                0x000001fb                cmd_stop
                0x00000200                REPLY_STATUS_OK
 .progmem.data  0x00000205       0x40 src/SOMFY/somfy_control.o
                0x00000205                ctrl_move_momentary_dbg
                0x00000211                ctrl_stop_dbg
                0x0000021d                ctrl_moveTo_dbg
                0x0000022b                ctrl_moveOf_dbg
                0x00000239                ctrl_wink_dbg
 .progmem.data  0x00000245      0x1a3 src/SOMFY/somfy_status.o
                0x00000245                rx_motor_position
                0x0000025b                rx_motor_status
                0x0000026f                rx_motor_limits
                0x00000283                rx_motor_rotation
                0x0000029a                rx_motor_speed
                0x000002b5                rx_motor_ip
                0x000002c5                rx_dct_lock
                0x000002d5                rx_fact_default
                0x000002ec                tx_motor_position
                0x00000301                tx_motor_status
                0x00000314                tx_motor_limits
                0x00000327                tx_motor_rotation
                0x0000033d                tx_motor_speed
                0x00000357                tx_motor_ip
                0x00000366                tx_dct_lock
                0x00000375                tx_fact_default
                0x0000038b                err_no_dev
                0x000003b8                err_unknown_status
                0x000003e8                . = ALIGN (0x2)
                0x000003e8                __trampolines_start = .
 *(.trampolines)
 .trampolines   0x000003e8        0x0 linker stubs
 *(.trampolines*)
                0x000003e8                __trampolines_end = .
 *(.jumptables)
 *(.jumptables*)
 *(.lowtext)
 *(.lowtext*)
                0x000003e8                __ctors_start = .
 *(.ctors)
                0x000003e8                __ctors_end = .
                0x000003e8                __dtors_start = .
 *(.dtors)
                0x000003e8                __dtors_end = .
 SORT(*)(.ctors)
 SORT(*)(.dtors)
 *(.init0)
 .init0         0x000003e8        0x0 c:/program files/atmel/avr studio 5.1/extensions/atmel/avrgcc/3.3.1/avrtoolchain/bin/../lib/gcc/avr/4.5.1/../../../../avr/lib/avrxmega6/crtx256a3b.o
                0x000003e8                __init
 *(.init0)
 *(.init1)
 *(.init1)
 *(.init2)
 .init2         0x000003e8       0x10 c:/program files/atmel/avr studio 5.1/extensions/atmel/avrgcc/3.3.1/avrtoolchain/bin/../lib/gcc/avr/4.5.1/../../../../avr/lib/avrxmega6/crtx256a3b.o
 *(.init2)
 *(.init3)
 *(.init3)
 *(.init4)
 .init4         0x000003f8       0x1a c:/program files/atmel/avr studio 5.1/extensions/atmel/avrgcc/3.3.1/avrtoolchain/bin/../lib/gcc/avr/4.5.1/avrxmega6\libgcc.a(_copy_data.o)
                0x000003f8                __do_copy_data
 .init4         0x00000412       0x10 c:/program files/atmel/avr studio 5.1/extensions/atmel/avrgcc/3.3.1/avrtoolchain/bin/../lib/gcc/avr/4.5.1/avrxmega6\libgcc.a(_clear_bss.o)
                0x00000412                __do_clear_bss
 *(.init4)
 *(.init5)
 *(.init5)
 *(.init6)
 *(.init6)
 *(.init7)
 *(.init7)
 *(.init8)
 *(.init8)
 *(.init9)
 .init9         0x00000422        0x8 c:/program files/atmel/avr studio 5.1/extensions/atmel/avrgcc/3.3.1/avrtoolchain/bin/../lib/gcc/avr/4.5.1/../../../../avr/lib/avrxmega6/crtx256a3b.o
 *(.init9)
 *(.text)
 .text          0x0000042a        0x2 c:/program files/atmel/avr studio 5.1/extensions/atmel/avrgcc/3.3.1/avrtoolchain/bin/../lib/gcc/avr/4.5.1/../../../../avr/lib/avrxmega6/crtx256a3b.o
                0x0000042a                __vector_38
                0x0000042a                __vector_104
                0x0000042a                __vector_63
                0x0000042a                __vector_67
                0x0000042a                __vector_1
                0x0000042a                __vector_119
                0x0000042a                __vector_32
                0x0000042a                __vector_75
                0x0000042a                __vector_71
                0x0000042a                __vector_34
                0x0000042a                __vector_62
                0x0000042a                __vector_102
                0x0000042a                __vector_24
                0x0000042a                __vector_12
                0x0000042a                __vector_69
                0x0000042a                __vector_46
                0x0000042a                __bad_interrupt
                0x0000042a                __vector_72
                0x0000042a                __vector_114
                0x0000042a                __vector_6
                0x0000042a                __vector_31
                0x0000042a                __vector_92
                0x0000042a                __vector_35
                0x0000042a                __vector_74
                0x0000042a                __vector_117
                0x0000042a                __vector_39
                0x0000042a                __vector_107
                0x0000042a                __vector_3
                0x0000042a                __vector_105
                0x0000042a                __vector_98
                0x0000042a                __vector_68
                0x0000042a                __vector_73
                0x0000042a                __vector_45
                0x0000042a                __vector_61
                0x0000042a                __vector_11
                0x0000042a                __vector_99
                0x0000042a                __vector_13
                0x0000042a                __vector_7
                0x0000042a                __vector_41
                0x0000042a                __vector_100
                0x0000042a                __vector_101
                0x0000042a                __vector_64
                0x0000042a                __vector_43
                0x0000042a                __vector_5
                0x0000042a                __vector_33
                0x0000042a                __vector_76
                0x0000042a                __vector_115
                0x0000042a                __vector_37
                0x0000042a                __vector_95
                0x0000042a                __vector_103
                0x0000042a                __vector_96
                0x0000042a                __vector_89
                0x0000042a                __vector_4
                0x0000042a                __vector_44
                0x0000042a                __vector_106
                0x0000042a                __vector_118
                0x0000042a                __vector_9
                0x0000042a                __vector_2
                0x0000042a                __vector_66
                0x0000042a                __vector_36
                0x0000042a                __vector_58
                0x0000042a                __vector_70
                0x0000042a                __vector_29
                0x0000042a                __vector_60
                0x0000042a                __vector_121
                0x0000042a                __vector_40
                0x0000042a                __vector_94
                0x0000042a                __vector_8
                0x0000042a                __vector_26
                0x0000042a                __vector_116
                0x0000042a                __vector_57
                0x0000042a                __vector_10
                0x0000042a                __vector_59
                0x0000042a                __vector_97
                0x0000042a                __vector_42
                0x0000042a                __vector_87
                0x0000042a                __vector_65
                0x0000042a                __vector_120
                0x0000042c                . = ALIGN (0x2)
 *(.text.*)
 .text.cpu_irq_save
                0x0000042c       0x20 src/asf/common/services/clock/xmega/sysclk.o
 .text.cpu_irq_restore
                0x0000044c       0x1e src/asf/common/services/clock/xmega/sysclk.o
 .text.sysclk_init
                0x0000046a       0x42 src/asf/common/services/clock/xmega/sysclk.o
                0x0000046a                sysclk_init
 .text.sysclk_enable_module
                0x000004ac       0x46 src/asf/common/services/clock/xmega/sysclk.o
                0x000004ac                sysclk_enable_module
 .text.board_init
                0x000004f2      0x120 src/asf/xmega/boards/stk600/rc064x/init.o
                0x000004f2                board_init
 .text.ioport_configure_port_pin
                0x00000612       0xb4 src/asf/xmega/drivers/ioport/ioport.o
                0x00000612                ioport_configure_port_pin
 .text.__vector_14
                0x000006c6       0x74 src/asf/xmega/drivers/tc/tc.o
                0x000006c6                __vector_14
 .text.__vector_15
                0x0000073a       0x74 src/asf/xmega/drivers/tc/tc.o
                0x0000073a                __vector_15
 .text.__vector_16
                0x000007ae       0x74 src/asf/xmega/drivers/tc/tc.o
                0x000007ae                __vector_16
 .text.__vector_17
                0x00000822       0x74 src/asf/xmega/drivers/tc/tc.o
                0x00000822                __vector_17
 .text.__vector_18
                0x00000896       0x74 src/asf/xmega/drivers/tc/tc.o
                0x00000896                __vector_18
 .text.__vector_19
                0x0000090a       0x74 src/asf/xmega/drivers/tc/tc.o
                0x0000090a                __vector_19
 .text.__vector_20
                0x0000097e       0x74 src/asf/xmega/drivers/tc/tc.o
                0x0000097e                __vector_20
 .text.__vector_21
                0x000009f2       0x74 src/asf/xmega/drivers/tc/tc.o
                0x000009f2                __vector_21
 .text.__vector_22
                0x00000a66       0x74 src/asf/xmega/drivers/tc/tc.o
                0x00000a66                __vector_22
 .text.__vector_23
                0x00000ada       0x74 src/asf/xmega/drivers/tc/tc.o
                0x00000ada                __vector_23
 .text.__vector_77
                0x00000b4e       0x74 src/asf/xmega/drivers/tc/tc.o
                0x00000b4e                __vector_77
 .text.__vector_78
                0x00000bc2       0x74 src/asf/xmega/drivers/tc/tc.o
                0x00000bc2                __vector_78
 .text.__vector_79
                0x00000c36       0x74 src/asf/xmega/drivers/tc/tc.o
                0x00000c36                __vector_79
 .text.__vector_80
                0x00000caa       0x74 src/asf/xmega/drivers/tc/tc.o
                0x00000caa                __vector_80
 .text.__vector_81
                0x00000d1e       0x74 src/asf/xmega/drivers/tc/tc.o
                0x00000d1e                __vector_81
 .text.__vector_82
                0x00000d92       0x74 src/asf/xmega/drivers/tc/tc.o
                0x00000d92                __vector_82
 .text.__vector_83
                0x00000e06       0x74 src/asf/xmega/drivers/tc/tc.o
                0x00000e06                __vector_83
 .text.__vector_84
                0x00000e7a       0x74 src/asf/xmega/drivers/tc/tc.o
                0x00000e7a                __vector_84
 .text.__vector_85
                0x00000eee       0x74 src/asf/xmega/drivers/tc/tc.o
                0x00000eee                __vector_85
 .text.__vector_86
                0x00000f62       0x74 src/asf/xmega/drivers/tc/tc.o
                0x00000f62                __vector_86
 .text.__vector_47
                0x00000fd6       0x74 src/asf/xmega/drivers/tc/tc.o
                0x00000fd6                __vector_47
 .text.__vector_48
                0x0000104a       0x74 src/asf/xmega/drivers/tc/tc.o
                0x0000104a                __vector_48
 .text.__vector_49
                0x000010be       0x74 src/asf/xmega/drivers/tc/tc.o
                0x000010be                __vector_49
 .text.__vector_50
                0x00001132       0x74 src/asf/xmega/drivers/tc/tc.o
                0x00001132                __vector_50
 .text.__vector_51
                0x000011a6       0x74 src/asf/xmega/drivers/tc/tc.o
                0x000011a6                __vector_51
 .text.__vector_52
                0x0000121a       0x74 src/asf/xmega/drivers/tc/tc.o
                0x0000121a                __vector_52
 .text.__vector_53
                0x0000128e       0x74 src/asf/xmega/drivers/tc/tc.o
                0x0000128e                __vector_53
 .text.__vector_54
                0x00001302       0x74 src/asf/xmega/drivers/tc/tc.o
                0x00001302                __vector_54
 .text.__vector_55
                0x00001376       0x74 src/asf/xmega/drivers/tc/tc.o
                0x00001376                __vector_55
 .text.__vector_56
                0x000013ea       0x74 src/asf/xmega/drivers/tc/tc.o
                0x000013ea                __vector_56
 .text.__vector_108
                0x0000145e       0x74 src/asf/xmega/drivers/tc/tc.o
                0x0000145e                __vector_108
 .text.__vector_109
                0x000014d2       0x74 src/asf/xmega/drivers/tc/tc.o
                0x000014d2                __vector_109
 .text.__vector_110
                0x00001546       0x74 src/asf/xmega/drivers/tc/tc.o
                0x00001546                __vector_110
 .text.__vector_111
                0x000015ba       0x74 src/asf/xmega/drivers/tc/tc.o
                0x000015ba                __vector_111
 .text.__vector_112
                0x0000162e       0x74 src/asf/xmega/drivers/tc/tc.o
                0x0000162e                __vector_112
 .text.__vector_113
                0x000016a2       0x74 src/asf/xmega/drivers/tc/tc.o
                0x000016a2                __vector_113
 .text.usart_rx_enable
                0x00001716       0x2e src/asf/xmega/drivers/usart/usart.o
 .text.usart_format_set
                0x00001744       0x46 src/asf/xmega/drivers/usart/usart.o
 .text.usart_tx_enable
                0x0000178a       0x2e src/asf/xmega/drivers/usart/usart.o
 .text.usart_set_mode
                0x000017b8       0x3a src/asf/xmega/drivers/usart/usart.o
 .text.usart_data_register_is_empty
                0x000017f2       0x34 src/asf/xmega/drivers/usart/usart.o
 .text.usart_rx_is_complete
                0x00001826       0x34 src/asf/xmega/drivers/usart/usart.o
 .text.sysclk_get_main_hz
                0x0000185a       0x1a src/asf/xmega/drivers/usart/usart.o
 .text.sysclk_get_per4_hz
                0x00001874       0x34 src/asf/xmega/drivers/usart/usart.o
 .text.sysclk_get_per2_hz
                0x000018a8       0x18 src/asf/xmega/drivers/usart/usart.o
 .text.sysclk_get_per_hz
                0x000018c0       0x18 src/asf/xmega/drivers/usart/usart.o
 .text.usart_enable_module_clock
                0x000018d8       0xb4 src/asf/xmega/drivers/usart/usart.o
 .text.usart_init_rs232
                0x0000198c       0xa0 src/asf/xmega/drivers/usart/usart.o
                0x0000198c                usart_init_rs232
 .text.usart_putchar
                0x00001a2c       0x3c src/asf/xmega/drivers/usart/usart.o
                0x00001a2c                usart_putchar
 .text.usart_getchar
                0x00001a68       0x34 src/asf/xmega/drivers/usart/usart.o
                0x00001a68                usart_getchar
 .text.usart_set_baudrate
                0x00001a9c      0x374 src/asf/xmega/drivers/usart/usart.o
                0x00001a9c                usart_set_baudrate
 .text.getOutOfProgMem
                0x00001e10       0x2e src/DTG.o
                0x00001e10                getOutOfProgMem
 .text.matchString
                0x00001e3e       0xbc src/DTG.o
                0x00001e3e                matchString
 .text.main     0x00001efa       0x6a src/main.o
                0x00001efa                main
 .text.usart_getSizeofData
                0x00001f64        0xc src/masterSerialMgr.o
                0x00001f64                usart_getSizeofData
 .text.usart_readBytes
                0x00001f70       0x54 src/masterSerialMgr.o
                0x00001f70                usart_readBytes
 .text.usart_terminateRxWithNull
                0x00001fc4       0x16 src/masterSerialMgr.o
                0x00001fc4                usart_terminateRxWithNull
 .text.usart_getPort
                0x00001fda       0x4e src/masterSerialMgr.o
                0x00001fda                usart_getPort
 .text.usart_print
                0x00002028       0x74 src/masterSerialMgr.o
                0x00002028                usart_print
 .text.usart_task
                0x0000209c       0x46 src/masterSerialMgr.o
                0x0000209c                usart_task
 .text.usart_isPortOpen
                0x000020e2       0x32 src/masterSerialMgr.o
                0x000020e2                usart_isPortOpen
 .text.usart_writeByteArray
                0x00002114       0xa8 src/masterSerialMgr.o
                0x00002114                usart_writeByteArray
 .text.usart_writeString
                0x000021bc       0x18 src/masterSerialMgr.o
                0x000021bc                usart_writeString
 .text.usart_writeByte
                0x000021d4       0x38 src/masterSerialMgr.o
                0x000021d4                usart_writeByte
 .text.usart_init
                0x0000220c       0x80 src/masterSerialMgr.o
                0x0000220c                usart_init
 .text.usart_openPort
                0x0000228c       0x92 src/masterSerialMgr.o
                0x0000228c                usart_openPort
 .text.usart_txHandler
                0x0000231e       0x86 src/masterSerialMgr.o
                0x0000231e                usart_txHandler
 .text.usart_rxHandler
                0x000023a4       0x6e src/masterSerialMgr.o
                0x000023a4                usart_rxHandler
 .text.__vector_27
                0x00002412       0x50 src/masterSerialMgr.o
                0x00002412                __vector_27
 .text.__vector_25
                0x00002462       0x50 src/masterSerialMgr.o
                0x00002462                __vector_25
 .text.__vector_30
                0x000024b2       0x50 src/masterSerialMgr.o
                0x000024b2                __vector_30
 .text.__vector_28
                0x00002502       0x50 src/masterSerialMgr.o
                0x00002502                __vector_28
 .text.__vector_90
                0x00002552       0x50 src/masterSerialMgr.o
                0x00002552                __vector_90
 .text.__vector_88
                0x000025a2       0x50 src/masterSerialMgr.o
                0x000025a2                __vector_88
 .text.__vector_93
                0x000025f2       0x50 src/masterSerialMgr.o
                0x000025f2                __vector_93
 .text.__vector_91
                0x00002642       0x50 src/masterSerialMgr.o
                0x00002642                __vector_91
 .text.cmd_downHandler
                0x00002692       0x96 src/messages_callbacks.o
                0x00002692                cmd_downHandler
 .text.cmd_upHandler
                0x00002728       0x9a src/messages_callbacks.o
                0x00002728                cmd_upHandler
 .text.cmd_sendHandler
                0x000027c2       0x98 src/messages_callbacks.o
                0x000027c2                cmd_sendHandler
 .text.cmd_QueryHandler
                0x0000285a       0x7e src/messages_callbacks.o
                0x0000285a                cmd_QueryHandler
 .text.PCserial_txCBhandler
                0x000028d8        0x2 src/PCserialMgr.o
                0x000028d8                PCserial_txCBhandler
 .text.PCserial_rxCBhandler
                0x000028da       0x4a src/PCserialMgr.o
                0x000028da                PCserial_rxCBhandler
 .text.PCserial_statusCallBack
                0x00002924        0x2 src/PCserialMgr.o
                0x00002924                PCserial_statusCallBack
 .text.print_char_hex
                0x00002926       0x66 src/print_func.o
                0x00002926                print_char_hex
 .text.somfy_displayRxPktWithInvert
                0x0000298c       0xe6 src/SOMFY/somfyRS485.o
                0x0000298c                somfy_displayRxPktWithInvert
 .text.somfy_Rx_data
                0x00002a72      0x2d8 src/SOMFY/somfyRS485.o
                0x00002a72                somfy_Rx_data
 .text.somfy_getChecksum
                0x00002d4a       0x40 src/SOMFY/somfyRS485.o
                0x00002d4a                somfy_getChecksum
 .text.somfy_buildPkt
                0x00002d8a       0x84 src/SOMFY/somfyRS485.o
                0x00002d8a                somfy_buildPkt
 .text.somfy_Tx_pkt
                0x00002e0e       0x12 src/SOMFY/somfyRS485.o
                0x00002e0e                somfy_Tx_pkt
 .text.reportBackStatus
                0x00002e20       0x8a src/SOMFY/somfyRS485.o
                0x00002e20                reportBackStatus
 .text.somfyDeviceTxCB
                0x00002eaa       0x1a src/SOMFY/somfySerialMgr.o
                0x00002eaa                somfyDeviceTxCB
 .text.somfyDeviceRxCB
                0x00002ec4        0x4 src/SOMFY/somfySerialMgr.o
                0x00002ec4                somfyDeviceRxCB
 .text.somfy_serial_Tx
                0x00002ec8       0x1c src/SOMFY/somfySerialMgr.o
                0x00002ec8                somfy_serial_Tx
 .text.somfy_debug_TxPgmMem
                0x00002ee4       0x3a src/SOMFY/somfySerialMgr.o
                0x00002ee4                somfy_debug_TxPgmMem
 .text.somfy_display_packet_Tx
                0x00002f1e      0x196 src/SOMFY/somfySerialMgr.o
                0x00002f1e                somfy_display_packet_Tx
 .text.somfy_control_moveAbsPos
                0x000030b4       0x90 src/SOMFY/somfy_control.o
                0x000030b4                somfy_control_moveAbsPos
 .text.somfyMotor_defaults_init
                0x00003144       0x30 src/SOMFY/somfy_status.o
                0x00003144                somfyMotor_defaults_init
 .text.somfy_statusReq
                0x00003174       0x8c src/SOMFY/somfy_status.o
                0x00003174                somfy_statusReq
 .text.somfy_reqMotorPos
                0x00003200       0x34 src/SOMFY/somfy_status.o
                0x00003200                somfy_reqMotorPos
 .text.somfy_Rx_statusUpdate
                0x00003234      0x4f8 src/SOMFY/somfy_status.o
                0x00003234                somfy_Rx_statusUpdate
 .text.temp_txCBhandler
                0x0000372c        0x2 src/tempSerialMgr.o
                0x0000372c                temp_txCBhandler
 .text.temp_rxCBhandler
                0x0000372e       0x1e src/tempSerialMgr.o
                0x0000372e                temp_rxCBhandler
 .text.libgcc   0x0000374c       0x44 c:/program files/atmel/avr studio 5.1/extensions/atmel/avrgcc/3.3.1/avrtoolchain/bin/../lib/gcc/avr/4.5.1/avrxmega6\libgcc.a(_udivmodsi4.o)
                0x0000374c                __udivmodsi4
 .text.avr-libc
                0x00003790       0x3a c:/program files/atmel/avr studio 5.1/extensions/atmel/avrgcc/3.3.1/avrtoolchain/bin/../lib/gcc/avr/4.5.1/../../../../avr/lib/avrxmega6\libc.a(atoi.o)
                0x00003790                atoi
 .text.avr-libc
                0x000037ca       0x1a c:/program files/atmel/avr studio 5.1/extensions/atmel/avrgcc/3.3.1/avrtoolchain/bin/../lib/gcc/avr/4.5.1/../../../../avr/lib/avrxmega6\libc.a(memcmp.o)
                0x000037ca                memcmp
 .text.avr-libc
                0x000037e4       0x12 c:/program files/atmel/avr studio 5.1/extensions/atmel/avrgcc/3.3.1/avrtoolchain/bin/../lib/gcc/avr/4.5.1/../../../../avr/lib/avrxmega6\libc.a(memcpy.o)
                0x000037e4                memcpy
 .text.avr-libc
                0x000037f6       0x10 c:/program files/atmel/avr studio 5.1/extensions/atmel/avrgcc/3.3.1/avrtoolchain/bin/../lib/gcc/avr/4.5.1/../../../../avr/lib/avrxmega6\libc.a(mul10.o)
                0x000037f6                __mulhi_const_10
 .text.avr-libc
                0x00003806       0x52 c:/program files/atmel/avr studio 5.1/extensions/atmel/avrgcc/3.3.1/avrtoolchain/bin/../lib/gcc/avr/4.5.1/../../../../avr/lib/avrxmega6\libc.a(sprintf.o)
                0x00003806                sprintf
 .text.avr-libc
                0x00003858      0x3fa c:/program files/atmel/avr studio 5.1/extensions/atmel/avrgcc/3.3.1/avrtoolchain/bin/../lib/gcc/avr/4.5.1/../../../../avr/lib/avrxmega6\libc.a(vfprintf_std.o)
                0x00003858                vfprintf
 .text.avr-libc
                0x00003c52       0x16 c:/program files/atmel/avr studio 5.1/extensions/atmel/avrgcc/3.3.1/avrtoolchain/bin/../lib/gcc/avr/4.5.1/../../../../avr/lib/avrxmega6\libc.a(strnlen_P.o)
                0x00003c52                strnlen_P
 .text.avr-libc
                0x00003c68       0x16 c:/program files/atmel/avr studio 5.1/extensions/atmel/avrgcc/3.3.1/avrtoolchain/bin/../lib/gcc/avr/4.5.1/../../../../avr/lib/avrxmega6\libc.a(strnlen.o)
                0x00003c68                strnlen
 .text.avr-libc
                0x00003c7e       0x58 c:/program files/atmel/avr studio 5.1/extensions/atmel/avrgcc/3.3.1/avrtoolchain/bin/../lib/gcc/avr/4.5.1/../../../../avr/lib/avrxmega6\libc.a(fputc.o)
                0x00003c7e                fputc
 .text.avr-libc
                0x00003cd6       0xbc c:/program files/atmel/avr studio 5.1/extensions/atmel/avrgcc/3.3.1/avrtoolchain/bin/../lib/gcc/avr/4.5.1/../../../../avr/lib/avrxmega6\libc.a(ultoa_invert.o)
                0x00003cd6                __ultoa_invert
                0x00003d92                . = ALIGN (0x2)
 *(.fini9)
 .fini9         0x00003d92        0x0 c:/program files/atmel/avr studio 5.1/extensions/atmel/avrgcc/3.3.1/avrtoolchain/bin/../lib/gcc/avr/4.5.1/avrxmega6\libgcc.a(_exit.o)
                0x00003d92                _exit
                0x00003d92                exit
 *(.fini9)
 *(.fini8)
 *(.fini8)
 *(.fini7)
 *(.fini7)
 *(.fini6)
 *(.fini6)
 *(.fini5)
 *(.fini5)
 *(.fini4)
 *(.fini4)
 *(.fini3)
 *(.fini3)
 *(.fini2)
 *(.fini2)
 *(.fini1)
 *(.fini1)
 *(.fini0)
 .fini0         0x00003d92        0x4 c:/program files/atmel/avr studio 5.1/extensions/atmel/avrgcc/3.3.1/avrtoolchain/bin/../lib/gcc/avr/4.5.1/avrxmega6\libgcc.a(_exit.o)
 *(.fini0)
                0x00003d96                _etext = .

.data           0x00802000      0x218 load address 0x00003d96
                0x00802000                PROVIDE (__data_start, .)
 *(.data)
 .data          0x00802000       0x9f src/SOMFY/somfyRS485.o
 .data          0x0080209f       0x2e src/SOMFY/somfySerialMgr.o
 .data          0x008020cd       0x66 src/SOMFY/somfy_status.o
 *(.data*)
 .data.CHANNEL_USARTC0
                0x00802133        0x4 src/masterSerialMgr.o
                0x00802133                CHANNEL_USARTC0
 .data.CHANNEL_USARTC1
                0x00802137        0x4 src/masterSerialMgr.o
                0x00802137                CHANNEL_USARTC1
 .data.CHANNEL_USARTD0
                0x0080213b        0x4 src/masterSerialMgr.o
                0x0080213b                CHANNEL_USARTD0
 .data.CHANNEL_USARTD1
                0x0080213f        0x4 src/masterSerialMgr.o
                0x0080213f                CHANNEL_USARTD1
 .data.commands
                0x00802143        0xa src/messages_callbacks.o
                0x00802143                commands
 .data.cmdCallBacks
                0x0080214d        0xa src/messages_callbacks.o
                0x0080214d                cmdCallBacks
 .data.usart_PCinter
                0x00802157       0x26 src/PCserialMgr.o
                0x00802157                usart_PCinter
 .data.nibble_to_ascii
                0x0080217d       0x10 src/SOMFY/somfySerialMgr.o
                0x0080217d                nibble_to_ascii
 .data.usart_somfyDevice
                0x0080218d       0x26 src/SOMFY/somfySerialMgr.o
                0x0080218d                usart_somfyDevice
 .data.usart_somfyDebug
                0x008021b3       0x26 src/SOMFY/somfySerialMgr.o
                0x008021b3                usart_somfyDebug
 .data.usart_temp
                0x008021d9       0x26 src/tempSerialMgr.o
                0x008021d9                usart_temp
 *(.rodata)
 *(.rodata*)
 .rodata.C.0.6048
                0x008021ff        0x3 src/main.o
 .rodata.HEX_DIGITS
                0x00802202       0x10 src/print_func.o
 .rodata.C.2.4855
                0x00802212        0x3 src/SOMFY/somfy_control.o
 .rodata.C.1.5248
                0x00802215        0x3 src/SOMFY/somfy_status.o
 *(.gnu.linkonce.d*)
                0x00802218                . = ALIGN (0x2)
                0x00802218                _edata = .
                0x00802218                PROVIDE (__data_end, .)

.bss            0x00802218      0x654
                0x00802218                PROVIDE (__bss_start, .)
 *(.bss)
 *(.bss*)
 .bss.tc_tcc0_ovf_callback
                0x00802218        0x2 src/asf/xmega/drivers/tc/tc.o
 .bss.tc_tcc0_err_callback
                0x0080221a        0x2 src/asf/xmega/drivers/tc/tc.o
 .bss.tc_tcc0_cca_callback
                0x0080221c        0x2 src/asf/xmega/drivers/tc/tc.o
 .bss.tc_tcc0_ccb_callback
                0x0080221e        0x2 src/asf/xmega/drivers/tc/tc.o
 .bss.tc_tcc0_ccc_callback
                0x00802220        0x2 src/asf/xmega/drivers/tc/tc.o
 .bss.tc_tcc0_ccd_callback
                0x00802222        0x2 src/asf/xmega/drivers/tc/tc.o
 .bss.tc_tcc1_ovf_callback
                0x00802224        0x2 src/asf/xmega/drivers/tc/tc.o
 .bss.tc_tcc1_err_callback
                0x00802226        0x2 src/asf/xmega/drivers/tc/tc.o
 .bss.tc_tcc1_cca_callback
                0x00802228        0x2 src/asf/xmega/drivers/tc/tc.o
 .bss.tc_tcc1_ccb_callback
                0x0080222a        0x2 src/asf/xmega/drivers/tc/tc.o
 .bss.tc_tcd0_ovf_callback
                0x0080222c        0x2 src/asf/xmega/drivers/tc/tc.o
 .bss.tc_tcd0_err_callback
                0x0080222e        0x2 src/asf/xmega/drivers/tc/tc.o
 .bss.tc_tcd0_cca_callback
                0x00802230        0x2 src/asf/xmega/drivers/tc/tc.o
 .bss.tc_tcd0_ccb_callback
                0x00802232        0x2 src/asf/xmega/drivers/tc/tc.o
 .bss.tc_tcd0_ccc_callback
                0x00802234        0x2 src/asf/xmega/drivers/tc/tc.o
 .bss.tc_tcd0_ccd_callback
                0x00802236        0x2 src/asf/xmega/drivers/tc/tc.o
 .bss.tc_tcd1_ovf_callback
                0x00802238        0x2 src/asf/xmega/drivers/tc/tc.o
 .bss.tc_tcd1_err_callback
                0x0080223a        0x2 src/asf/xmega/drivers/tc/tc.o
 .bss.tc_tcd1_cca_callback
                0x0080223c        0x2 src/asf/xmega/drivers/tc/tc.o
 .bss.tc_tcd1_ccb_callback
                0x0080223e        0x2 src/asf/xmega/drivers/tc/tc.o
 .bss.tc_tce0_ovf_callback
                0x00802240        0x2 src/asf/xmega/drivers/tc/tc.o
 .bss.tc_tce0_err_callback
                0x00802242        0x2 src/asf/xmega/drivers/tc/tc.o
 .bss.tc_tce0_cca_callback
                0x00802244        0x2 src/asf/xmega/drivers/tc/tc.o
 .bss.tc_tce0_ccb_callback
                0x00802246        0x2 src/asf/xmega/drivers/tc/tc.o
 .bss.tc_tce0_ccc_callback
                0x00802248        0x2 src/asf/xmega/drivers/tc/tc.o
 .bss.tc_tce0_ccd_callback
                0x0080224a        0x2 src/asf/xmega/drivers/tc/tc.o
 .bss.tc_tce1_ovf_callback
                0x0080224c        0x2 src/asf/xmega/drivers/tc/tc.o
 .bss.tc_tce1_err_callback
                0x0080224e        0x2 src/asf/xmega/drivers/tc/tc.o
 .bss.tc_tce1_cca_callback
                0x00802250        0x2 src/asf/xmega/drivers/tc/tc.o
 .bss.tc_tce1_ccb_callback
                0x00802252        0x2 src/asf/xmega/drivers/tc/tc.o
 .bss.tc_tcf0_ovf_callback
                0x00802254        0x2 src/asf/xmega/drivers/tc/tc.o
 .bss.tc_tcf0_err_callback
                0x00802256        0x2 src/asf/xmega/drivers/tc/tc.o
 .bss.tc_tcf0_cca_callback
                0x00802258        0x2 src/asf/xmega/drivers/tc/tc.o
 .bss.tc_tcf0_ccb_callback
                0x0080225a        0x2 src/asf/xmega/drivers/tc/tc.o
 .bss.tc_tcf0_ccc_callback
                0x0080225c        0x2 src/asf/xmega/drivers/tc/tc.o
 .bss.tc_tcf0_ccd_callback
                0x0080225e        0x2 src/asf/xmega/drivers/tc/tc.o
 .bss.usartDescirptors
                0x00802260        0x8 src/masterSerialMgr.o
                0x00802260                usartDescirptors
 .bss.newMsgFlag
                0x00802268        0x1 src/PCserialMgr.o
 .bss.incoming_pkt
                0x00802269       0x22 src/SOMFY/somfyRS485.o
 .bss.running_Checksum
                0x0080228b        0x2 src/SOMFY/somfyRS485.o
 .bss.currentPktStage
                0x0080228d        0x2 src/SOMFY/somfyRS485.o
 .bss.data_pointer
                0x0080228f        0x2 src/SOMFY/somfyRS485.o
 .bss.packet_tx_cnt_left
                0x00802291        0x1 src/SOMFY/somfySerialMgr.o
 .bss.packets_waiting_to_transfer
                0x00802292        0x1 src/SOMFY/somfySerialMgr.o
 .bss.somfyTxDebugBuffer
                0x00802293      0x100 src/SOMFY/somfySerialMgr.o
 .bss.somfyRxDebugBuffer
                0x00802393      0x100 src/SOMFY/somfySerialMgr.o
 .bss.motors    0x00802493       0xd8 src/SOMFY/somfy_status.o
 *(COMMON)
 COMMON         0x0080256b      0x100 src/PCserialMgr.o
                0x0080256b                PCinterRxBuffer
                0x008025eb                PCinterTxBuffer
 COMMON         0x0080266b      0x100 src/SOMFY/somfySerialMgr.o
                0x0080266b                somfyRxDevBuffer
                0x008026eb                somfyTxDevBuffer
 COMMON         0x0080276b        0x1 src/SOMFY/somfy_status.o
                0x0080276b                flags
 COMMON         0x0080276c      0x100 src/tempSerialMgr.o
                0x0080276c                TempRxBuffer
                0x008027ec                TempTxBuffer
                0x0080286c                PROVIDE (__bss_end, .)
                0x00003d96                __data_load_start = LOADADDR (.data)
                0x00003fae                __data_load_end = (__data_load_start + SIZEOF (.data))

.noinit         0x0080286c        0x0
                0x0080286c                PROVIDE (__noinit_start, .)
 *(.noinit*)
                0x0080286c                PROVIDE (__noinit_end, .)
                0x0080286c                _end = .
                0x0080286c                PROVIDE (__heap_start, .)

.eeprom         0x00810000        0x0
 *(.eeprom*)
                0x00810000                __eeprom_end = .

.fuse
 *(.fuse)
 *(.lfuse)
 *(.hfuse)
 *(.efuse)

.lock
 *(.lock*)

.signature
 *(.signature*)

.stab           0x00000000     0x1008
 *(.stab)
 .stab          0x00000000      0x6e4 c:/program files/atmel/avr studio 5.1/extensions/atmel/avrgcc/3.3.1/avrtoolchain/bin/../lib/gcc/avr/4.5.1/../../../../avr/lib/avrxmega6/crtx256a3b.o
 .stab          0x000006e4       0x48 c:/program files/atmel/avr studio 5.1/extensions/atmel/avrgcc/3.3.1/avrtoolchain/bin/../lib/gcc/avr/4.5.1/../../../../avr/lib/avrxmega6\libc.a(abort.o)
                                 0x54 (size before relaxing)
 .stab          0x0000072c      0x174 c:/program files/atmel/avr studio 5.1/extensions/atmel/avrgcc/3.3.1/avrtoolchain/bin/../lib/gcc/avr/4.5.1/../../../../avr/lib/avrxmega6\libc.a(atoi.o)
                                0x180 (size before relaxing)
 .stab          0x000008a0       0xb4 c:/program files/atmel/avr studio 5.1/extensions/atmel/avrgcc/3.3.1/avrtoolchain/bin/../lib/gcc/avr/4.5.1/../../../../avr/lib/avrxmega6\libc.a(memcmp.o)
                                 0xc0 (size before relaxing)
 .stab          0x00000954       0x84 c:/program files/atmel/avr studio 5.1/extensions/atmel/avrgcc/3.3.1/avrtoolchain/bin/../lib/gcc/avr/4.5.1/../../../../avr/lib/avrxmega6\libc.a(memcpy.o)
                                 0x90 (size before relaxing)
 .stab          0x000009d8       0x78 c:/program files/atmel/avr studio 5.1/extensions/atmel/avrgcc/3.3.1/avrtoolchain/bin/../lib/gcc/avr/4.5.1/../../../../avr/lib/avrxmega6\libc.a(mul10.o)
                                 0x84 (size before relaxing)
 .stab          0x00000a50       0x9c c:/program files/atmel/avr studio 5.1/extensions/atmel/avrgcc/3.3.1/avrtoolchain/bin/../lib/gcc/avr/4.5.1/../../../../avr/lib/avrxmega6\libc.a(strnlen_P.o)
                                 0xa8 (size before relaxing)
 .stab          0x00000aec       0x9c c:/program files/atmel/avr studio 5.1/extensions/atmel/avrgcc/3.3.1/avrtoolchain/bin/../lib/gcc/avr/4.5.1/../../../../avr/lib/avrxmega6\libc.a(strnlen.o)
                                 0xa8 (size before relaxing)
 .stab          0x00000b88      0x480 c:/program files/atmel/avr studio 5.1/extensions/atmel/avrgcc/3.3.1/avrtoolchain/bin/../lib/gcc/avr/4.5.1/../../../../avr/lib/avrxmega6\libc.a(ultoa_invert.o)
                                0x48c (size before relaxing)

.stabstr        0x00000000      0x3fd
 *(.stabstr)
 .stabstr       0x00000000      0x3fd c:/program files/atmel/avr studio 5.1/extensions/atmel/avrgcc/3.3.1/avrtoolchain/bin/../lib/gcc/avr/4.5.1/../../../../avr/lib/avrxmega6/crtx256a3b.o

.stab.excl
 *(.stab.excl)

.stab.exclstr
 *(.stab.exclstr)

.stab.index
 *(.stab.index)

.stab.indexstr
 *(.stab.indexstr)

.comment
 *(.comment)

.debug
 *(.debug)

.line
 *(.line)

.debug_srcinfo
 *(.debug_srcinfo)

.debug_sfnames
 *(.debug_sfnames)

.debug_aranges  0x00000000      0x968
 *(.debug_aranges)
 .debug_aranges
                0x00000000       0x88 src/asf/common/services/calendar/calendar.o
 .debug_aranges
                0x00000088       0x40 src/asf/common/services/clock/xmega/sysclk.o
 .debug_aranges
                0x000000c8       0x28 src/asf/common/services/serial/usart_serial.o
 .debug_aranges
                0x000000f0       0x20 src/asf/common/utils/stdio/read.o
 .debug_aranges
                0x00000110       0x20 src/asf/common/utils/stdio/write.o
 .debug_aranges
                0x00000130       0x20 src/asf/xmega/boards/stk600/rc064x/init.o
 .debug_aranges
                0x00000150       0x20 src/asf/xmega/drivers/cpu/ccp.o
 .debug_aranges
                0x00000170       0x20 src/asf/xmega/drivers/ioport/ioport.o
 .debug_aranges
                0x00000190      0x128 src/asf/xmega/drivers/nvm/nvm.o
 .debug_aranges
                0x000002b8       0x28 src/asf/xmega/drivers/nvm/nvm_asm.o
 .debug_aranges
                0x000002e0      0x198 src/asf/xmega/drivers/tc/tc.o
 .debug_aranges
                0x00000478       0xb0 src/asf/xmega/drivers/usart/usart.o
 .debug_aranges
                0x00000528       0x38 src/DTG.o
 .debug_aranges
                0x00000560       0x20 src/main.o
 .debug_aranges
                0x00000580       0xe0 src/masterSerialMgr.o
 .debug_aranges
                0x00000660       0x30 src/mControl_interface.o
 .debug_aranges
                0x00000690       0x38 src/messages_callbacks.o
 .debug_aranges
                0x000006c8       0x38 src/PCserialMgr.o
 .debug_aranges
                0x00000700       0x30 src/print_func.o
 .debug_aranges
                0x00000730       0x68 src/SOMFY/somfyRS485.o
 .debug_aranges
                0x00000798       0x48 src/SOMFY/somfySerialMgr.o
 .debug_aranges
                0x000007e0       0x40 src/SOMFY/somfy_control.o
 .debug_aranges
                0x00000820       0x48 src/SOMFY/somfy_settings.o
 .debug_aranges
                0x00000868       0x78 src/SOMFY/somfy_status.o
 .debug_aranges
                0x000008e0       0x28 src/tempSerialMgr.o
 .debug_aranges
                0x00000908       0x20 c:/program files/atmel/avr studio 5.1/extensions/atmel/avrgcc/3.3.1/avrtoolchain/bin/../lib/gcc/avr/4.5.1/../../../../avr/lib/avrxmega6\libc.a(sprintf.o)
 .debug_aranges
                0x00000928       0x20 c:/program files/atmel/avr studio 5.1/extensions/atmel/avrgcc/3.3.1/avrtoolchain/bin/../lib/gcc/avr/4.5.1/../../../../avr/lib/avrxmega6\libc.a(vfprintf_std.o)
 .debug_aranges
                0x00000948       0x20 c:/program files/atmel/avr studio 5.1/extensions/atmel/avrgcc/3.3.1/avrtoolchain/bin/../lib/gcc/avr/4.5.1/../../../../avr/lib/avrxmega6\libc.a(fputc.o)

.debug_pubnames
                0x00000000     0x156f
 *(.debug_pubnames)
 .debug_pubnames
                0x00000000       0xf9 src/asf/common/services/calendar/calendar.o
 .debug_pubnames
                0x000000f9       0x55 src/asf/common/services/clock/xmega/sysclk.o
 .debug_pubnames
                0x0000014e       0x4d src/asf/common/services/serial/usart_serial.o
 .debug_pubnames
                0x0000019b       0x3a src/asf/common/services/sleepmgr/xmega/sleepmgr.o
 .debug_pubnames
                0x000001d5       0x28 src/asf/common/utils/stdio/read.o
 .debug_pubnames
                0x000001fd       0x38 src/asf/common/utils/stdio/write.o
 .debug_pubnames
                0x00000235       0x21 src/asf/xmega/boards/stk600/rc064x/init.o
 .debug_pubnames
                0x00000256       0x30 src/asf/xmega/drivers/ioport/ioport.o
 .debug_pubnames
                0x00000286      0x293 src/asf/xmega/drivers/nvm/nvm.o
 .debug_pubnames
                0x00000519      0x348 src/asf/xmega/drivers/tc/tc.o
 .debug_pubnames
                0x00000861       0x90 src/asf/xmega/drivers/usart/usart.o
 .debug_pubnames
                0x000008f1       0x5f src/DTG.o
 .debug_pubnames
                0x00000950       0x1b src/main.o
 .debug_pubnames
                0x0000096b      0x252 src/masterSerialMgr.o
 .debug_pubnames
                0x00000bbd       0x76 src/mControl_interface.o
 .debug_pubnames
                0x00000c33       0xd3 src/messages_callbacks.o
 .debug_pubnames
                0x00000d06       0xac src/PCserialMgr.o
 .debug_pubnames
                0x00000db2       0x42 src/print_func.o
 .debug_pubnames
                0x00000df4       0xf2 src/SOMFY/somfyRS485.o
 .debug_pubnames
                0x00000ee6      0x102 src/SOMFY/somfySerialMgr.o
 .debug_pubnames
                0x00000fe8      0x102 src/SOMFY/somfy_control.o
 .debug_pubnames
                0x000010ea      0x11a src/SOMFY/somfy_settings.o
 .debug_pubnames
                0x00001204      0x2a5 src/SOMFY/somfy_status.o
 .debug_pubnames
                0x000014a9       0x6d src/tempSerialMgr.o
 .debug_pubnames
                0x00001516       0x1e c:/program files/atmel/avr studio 5.1/extensions/atmel/avrgcc/3.3.1/avrtoolchain/bin/../lib/gcc/avr/4.5.1/../../../../avr/lib/avrxmega6\libc.a(sprintf.o)
 .debug_pubnames
                0x00001534       0x1f c:/program files/atmel/avr studio 5.1/extensions/atmel/avrgcc/3.3.1/avrtoolchain/bin/../lib/gcc/avr/4.5.1/../../../../avr/lib/avrxmega6\libc.a(vfprintf_std.o)
 .debug_pubnames
                0x00001553       0x1c c:/program files/atmel/avr studio 5.1/extensions/atmel/avrgcc/3.3.1/avrtoolchain/bin/../lib/gcc/avr/4.5.1/../../../../avr/lib/avrxmega6\libc.a(fputc.o)

.debug_info     0x00000000     0x96f6
 *(.debug_info)
 .debug_info    0x00000000      0x4ec src/asf/common/services/calendar/calendar.o
 .debug_info    0x000004ec      0x354 src/asf/common/services/clock/xmega/sysclk.o
 .debug_info    0x00000840      0x252 src/asf/common/services/serial/usart_serial.o
 .debug_info    0x00000a92      0x162 src/asf/common/services/sleepmgr/xmega/sleepmgr.o
 .debug_info    0x00000bf4      0x128 src/asf/common/utils/stdio/read.o
 .debug_info    0x00000d1c      0x138 src/asf/common/utils/stdio/write.o
 .debug_info    0x00000e54      0x5db src/asf/xmega/boards/stk600/rc064x/init.o
 .debug_info    0x0000142f       0xaf src/asf/xmega/drivers/cpu/ccp.o
 .debug_info    0x000014de      0x110 src/asf/xmega/drivers/ioport/ioport.o
 .debug_info    0x000015ee      0xb31 src/asf/xmega/drivers/nvm/nvm.o
 .debug_info    0x0000211f       0xaf src/asf/xmega/drivers/nvm/nvm_asm.o
 .debug_info    0x000021ce     0x14c3 src/asf/xmega/drivers/tc/tc.o
 .debug_info    0x00003691      0x96c src/asf/xmega/drivers/usart/usart.o
 .debug_info    0x00003ffd      0x42b src/DTG.o
 .debug_info    0x00004428      0x540 src/main.o
 .debug_info    0x00004968      0xde3 src/masterSerialMgr.o
 .debug_info    0x0000574b      0x13b src/mControl_interface.o
 .debug_info    0x00005886      0x597 src/messages_callbacks.o
 .debug_info    0x00005e1d      0x50e src/PCserialMgr.o
 .debug_info    0x0000632b      0x24c src/print_func.o
 .debug_info    0x00006577      0x7e4 src/SOMFY/somfyRS485.o
 .debug_info    0x00006d5b      0x66c src/SOMFY/somfySerialMgr.o
 .debug_info    0x000073c7      0x559 src/SOMFY/somfy_control.o
 .debug_info    0x00007920       0x29 src/SOMFY/somfy_dummyDevice.o
 .debug_info    0x00007949      0x6d3 src/SOMFY/somfy_settings.o
 .debug_info    0x0000801c      0xcf5 src/SOMFY/somfy_status.o
 .debug_info    0x00008d11      0x377 src/tempSerialMgr.o
 .debug_info    0x00009088      0x1b7 c:/program files/atmel/avr studio 5.1/extensions/atmel/avrgcc/3.3.1/avrtoolchain/bin/../lib/gcc/avr/4.5.1/../../../../avr/lib/avrxmega6\libc.a(sprintf.o)
 .debug_info    0x0000923f      0x350 c:/program files/atmel/avr studio 5.1/extensions/atmel/avrgcc/3.3.1/avrtoolchain/bin/../lib/gcc/avr/4.5.1/../../../../avr/lib/avrxmega6\libc.a(vfprintf_std.o)
 .debug_info    0x0000958f      0x167 c:/program files/atmel/avr studio 5.1/extensions/atmel/avrgcc/3.3.1/avrtoolchain/bin/../lib/gcc/avr/4.5.1/../../../../avr/lib/avrxmega6\libc.a(fputc.o)
 *(.gnu.linkonce.wi.*)

.debug_abbrev   0x00000000     0x244c
 *(.debug_abbrev)
 .debug_abbrev  0x00000000      0x174 src/asf/common/services/calendar/calendar.o
 .debug_abbrev  0x00000174      0x115 src/asf/common/services/clock/xmega/sysclk.o
 .debug_abbrev  0x00000289       0xcc src/asf/common/services/serial/usart_serial.o
 .debug_abbrev  0x00000355       0x9b src/asf/common/services/sleepmgr/xmega/sleepmgr.o
 .debug_abbrev  0x000003f0       0xac src/asf/common/utils/stdio/read.o
 .debug_abbrev  0x0000049c       0x9f src/asf/common/utils/stdio/write.o
 .debug_abbrev  0x0000053b      0x10a src/asf/xmega/boards/stk600/rc064x/init.o
 .debug_abbrev  0x00000645       0x14 src/asf/xmega/drivers/cpu/ccp.o
 .debug_abbrev  0x00000659       0x77 src/asf/xmega/drivers/ioport/ioport.o
 .debug_abbrev  0x000006d0      0x28f src/asf/xmega/drivers/nvm/nvm.o
 .debug_abbrev  0x0000095f       0x12 src/asf/xmega/drivers/nvm/nvm_asm.o
 .debug_abbrev  0x00000971      0x1cb src/asf/xmega/drivers/tc/tc.o
 .debug_abbrev  0x00000b3c      0x1f6 src/asf/xmega/drivers/usart/usart.o
 .debug_abbrev  0x00000d32      0x187 src/DTG.o
 .debug_abbrev  0x00000eb9      0x17d src/main.o
 .debug_abbrev  0x00001036      0x30d src/masterSerialMgr.o
 .debug_abbrev  0x00001343       0xad src/mControl_interface.o
 .debug_abbrev  0x000013f0      0x168 src/messages_callbacks.o
 .debug_abbrev  0x00001558      0x163 src/PCserialMgr.o
 .debug_abbrev  0x000016bb      0x111 src/print_func.o
 .debug_abbrev  0x000017cc      0x241 src/SOMFY/somfyRS485.o
 .debug_abbrev  0x00001a0d      0x177 src/SOMFY/somfySerialMgr.o
 .debug_abbrev  0x00001b84      0x15e src/SOMFY/somfy_control.o
 .debug_abbrev  0x00001ce2       0x16 src/SOMFY/somfy_dummyDevice.o
 .debug_abbrev  0x00001cf8      0x131 src/SOMFY/somfy_settings.o
 .debug_abbrev  0x00001e29      0x1ca src/SOMFY/somfy_status.o
 .debug_abbrev  0x00001ff3      0x124 src/tempSerialMgr.o
 .debug_abbrev  0x00002117       0xfd c:/program files/atmel/avr studio 5.1/extensions/atmel/avrgcc/3.3.1/avrtoolchain/bin/../lib/gcc/avr/4.5.1/../../../../avr/lib/avrxmega6\libc.a(sprintf.o)
 .debug_abbrev  0x00002214      0x15f c:/program files/atmel/avr studio 5.1/extensions/atmel/avrgcc/3.3.1/avrtoolchain/bin/../lib/gcc/avr/4.5.1/../../../../avr/lib/avrxmega6\libc.a(vfprintf_std.o)
 .debug_abbrev  0x00002373       0xd9 c:/program files/atmel/avr studio 5.1/extensions/atmel/avrgcc/3.3.1/avrtoolchain/bin/../lib/gcc/avr/4.5.1/../../../../avr/lib/avrxmega6\libc.a(fputc.o)

.debug_line     0x00000000     0xd49e
 *(.debug_line)
 .debug_line    0x00000000      0x7c6 src/asf/common/services/calendar/calendar.o
 .debug_line    0x000007c6      0x635 src/asf/common/services/clock/xmega/sysclk.o
 .debug_line    0x00000dfb      0x695 src/asf/common/services/serial/usart_serial.o
 .debug_line    0x00001490      0x4c4 src/asf/common/services/sleepmgr/xmega/sleepmgr.o
 .debug_line    0x00001954      0x43e src/asf/common/utils/stdio/read.o
 .debug_line    0x00001d92      0x447 src/asf/common/utils/stdio/write.o
 .debug_line    0x000021d9      0x4c0 src/asf/xmega/boards/stk600/rc064x/init.o
 .debug_line    0x00002699       0x54 src/asf/xmega/drivers/cpu/ccp.o
 .debug_line    0x000026ed      0x490 src/asf/xmega/drivers/ioport/ioport.o
 .debug_line    0x00002b7d      0xed0 src/asf/xmega/drivers/nvm/nvm.o
 .debug_line    0x00003a4d       0x8a src/asf/xmega/drivers/nvm/nvm_asm.o
 .debug_line    0x00003ad7     0x1202 src/asf/xmega/drivers/tc/tc.o
 .debug_line    0x00004cd9      0xb58 src/asf/xmega/drivers/usart/usart.o
 .debug_line    0x00005831      0x84c src/DTG.o
 .debug_line    0x0000607d      0xa5a src/main.o
 .debug_line    0x00006ad7      0xe5a src/masterSerialMgr.o
 .debug_line    0x00007931      0x4ed src/mControl_interface.o
 .debug_line    0x00007e1e      0x766 src/messages_callbacks.o
 .debug_line    0x00008584      0xa87 src/PCserialMgr.o
 .debug_line    0x0000900b      0x53b src/print_func.o
 .debug_line    0x00009546      0xb84 src/SOMFY/somfyRS485.o
 .debug_line    0x0000a0ca      0x97f src/SOMFY/somfySerialMgr.o
 .debug_line    0x0000aa49      0x729 src/SOMFY/somfy_control.o
 .debug_line    0x0000b172       0x62 src/SOMFY/somfy_dummyDevice.o
 .debug_line    0x0000b1d4      0x7c4 src/SOMFY/somfy_settings.o
 .debug_line    0x0000b998      0x9cf src/SOMFY/somfy_status.o
 .debug_line    0x0000c367      0x78e src/tempSerialMgr.o
 .debug_line    0x0000caf5      0x1d7 c:/program files/atmel/avr studio 5.1/extensions/atmel/avrgcc/3.3.1/avrtoolchain/bin/../lib/gcc/avr/4.5.1/../../../../avr/lib/avrxmega6\libc.a(sprintf.o)
 .debug_line    0x0000cccc      0x675 c:/program files/atmel/avr studio 5.1/extensions/atmel/avrgcc/3.3.1/avrtoolchain/bin/../lib/gcc/avr/4.5.1/../../../../avr/lib/avrxmega6\libc.a(vfprintf_std.o)
 .debug_line    0x0000d341      0x15d c:/program files/atmel/avr studio 5.1/extensions/atmel/avrgcc/3.3.1/avrtoolchain/bin/../lib/gcc/avr/4.5.1/../../../../avr/lib/avrxmega6\libc.a(fputc.o)

.debug_frame    0x00000000      0xf00
 *(.debug_frame)
 .debug_frame   0x00000000       0xf0 src/asf/common/services/calendar/calendar.o
 .debug_frame   0x000000f0       0x60 src/asf/common/services/clock/xmega/sysclk.o
 .debug_frame   0x00000150       0x30 src/asf/common/services/serial/usart_serial.o
 .debug_frame   0x00000180       0x20 src/asf/common/utils/stdio/read.o
 .debug_frame   0x000001a0       0x20 src/asf/common/utils/stdio/write.o
 .debug_frame   0x000001c0       0x20 src/asf/xmega/boards/stk600/rc064x/init.o
 .debug_frame   0x000001e0       0x20 src/asf/xmega/drivers/ioport/ioport.o
 .debug_frame   0x00000200      0x230 src/asf/xmega/drivers/nvm/nvm.o
 .debug_frame   0x00000430      0x310 src/asf/xmega/drivers/tc/tc.o
 .debug_frame   0x00000740      0x140 src/asf/xmega/drivers/usart/usart.o
 .debug_frame   0x00000880       0x50 src/DTG.o
 .debug_frame   0x000008d0       0x20 src/main.o
 .debug_frame   0x000008f0      0x1a0 src/masterSerialMgr.o
 .debug_frame   0x00000a90       0x40 src/mControl_interface.o
 .debug_frame   0x00000ad0       0x50 src/messages_callbacks.o
 .debug_frame   0x00000b20       0x50 src/PCserialMgr.o
 .debug_frame   0x00000b70       0x40 src/print_func.o
 .debug_frame   0x00000bb0       0xb0 src/SOMFY/somfyRS485.o
 .debug_frame   0x00000c60       0x70 src/SOMFY/somfySerialMgr.o
 .debug_frame   0x00000cd0       0x60 src/SOMFY/somfy_control.o
 .debug_frame   0x00000d30       0x70 src/SOMFY/somfy_settings.o
 .debug_frame   0x00000da0       0xd0 src/SOMFY/somfy_status.o
 .debug_frame   0x00000e70       0x30 src/tempSerialMgr.o
 .debug_frame   0x00000ea0       0x20 c:/program files/atmel/avr studio 5.1/extensions/atmel/avrgcc/3.3.1/avrtoolchain/bin/../lib/gcc/avr/4.5.1/../../../../avr/lib/avrxmega6\libc.a(sprintf.o)
 .debug_frame   0x00000ec0       0x20 c:/program files/atmel/avr studio 5.1/extensions/atmel/avrgcc/3.3.1/avrtoolchain/bin/../lib/gcc/avr/4.5.1/../../../../avr/lib/avrxmega6\libc.a(vfprintf_std.o)
 .debug_frame   0x00000ee0       0x20 c:/program files/atmel/avr studio 5.1/extensions/atmel/avrgcc/3.3.1/avrtoolchain/bin/../lib/gcc/avr/4.5.1/../../../../avr/lib/avrxmega6\libc.a(fputc.o)

.debug_str      0x00000000     0x3a85
 *(.debug_str)
 .debug_str     0x00000000      0x2f2 src/asf/common/services/calendar/calendar.o
                                0x357 (size before relaxing)
 .debug_str     0x000002f2      0x31c src/asf/common/services/clock/xmega/sysclk.o
                                0x40b (size before relaxing)
 .debug_str     0x0000060e      0x178 src/asf/common/services/serial/usart_serial.o
                                0x2b9 (size before relaxing)
 .debug_str     0x00000786      0x14d src/asf/common/services/sleepmgr/xmega/sleepmgr.o
                                0x262 (size before relaxing)
 .debug_str     0x000008d3       0x38 src/asf/common/utils/stdio/read.o
                                0x14b (size before relaxing)
 .debug_str     0x0000090b       0x35 src/asf/common/utils/stdio/write.o
                                0x152 (size before relaxing)
 .debug_str     0x00000940      0x176 src/asf/xmega/boards/stk600/rc064x/init.o
                                0x29a (size before relaxing)
 .debug_str     0x00000ab6       0x4c src/asf/xmega/drivers/ioport/ioport.o
                                0x191 (size before relaxing)
 .debug_str     0x00000b02      0x84b src/asf/xmega/drivers/nvm/nvm.o
                                0x9b9 (size before relaxing)
 .debug_str     0x0000134d      0x967 src/asf/xmega/drivers/tc/tc.o
                                0xc8d (size before relaxing)
 .debug_str     0x00001cb4      0x3b3 src/asf/xmega/drivers/usart/usart.o
                                0x92d (size before relaxing)
 .debug_str     0x00002067       0xd4 src/DTG.o
                                0x280 (size before relaxing)
 .debug_str     0x0000213b      0x1f7 src/main.o
                                0x505 (size before relaxing)
 .debug_str     0x00002332      0x3f0 src/masterSerialMgr.o
                                0x97f (size before relaxing)
 .debug_str     0x00002722       0x6c src/mControl_interface.o
                                0x185 (size before relaxing)
 .debug_str     0x0000278e      0x214 src/messages_callbacks.o
                                0x3cd (size before relaxing)
 .debug_str     0x000029a2       0x90 src/PCserialMgr.o
                                0x559 (size before relaxing)
 .debug_str     0x00002a32       0x51 src/print_func.o
                                0x1d3 (size before relaxing)
 .debug_str     0x00002a83      0x2aa src/SOMFY/somfyRS485.o
                                0x6ad (size before relaxing)
 .debug_str     0x00002d2d      0x104 src/SOMFY/somfySerialMgr.o
                                0x568 (size before relaxing)
 .debug_str     0x00002e31       0xe5 src/SOMFY/somfy_control.o
                                0x47c (size before relaxing)
 .debug_str     0x00002f16       0x21 src/SOMFY/somfy_dummyDevice.o
                                 0x91 (size before relaxing)
 .debug_str     0x00002f37      0x377 src/SOMFY/somfy_settings.o
                                0x56e (size before relaxing)
 .debug_str     0x000032ae      0x5dc src/SOMFY/somfy_status.o
                                0x9c4 (size before relaxing)
 .debug_str     0x0000388a       0x5e src/tempSerialMgr.o
                                0x3ea (size before relaxing)
 .debug_str     0x000038e8       0x99 c:/program files/atmel/avr studio 5.1/extensions/atmel/avrgcc/3.3.1/avrtoolchain/bin/../lib/gcc/avr/4.5.1/../../../../avr/lib/avrxmega6\libc.a(sprintf.o)
                                0x12c (size before relaxing)
 .debug_str     0x00003981       0xa3 c:/program files/atmel/avr studio 5.1/extensions/atmel/avrgcc/3.3.1/avrtoolchain/bin/../lib/gcc/avr/4.5.1/../../../../avr/lib/avrxmega6\libc.a(vfprintf_std.o)
                                0x182 (size before relaxing)
 .debug_str     0x00003a24       0x61 c:/program files/atmel/avr studio 5.1/extensions/atmel/avrgcc/3.3.1/avrtoolchain/bin/../lib/gcc/avr/4.5.1/../../../../avr/lib/avrxmega6\libc.a(fputc.o)
                                0x106 (size before relaxing)

.debug_loc      0x00000000     0x1b0c
 *(.debug_loc)
 .debug_loc     0x00000000      0x27a src/DTG.o
 .debug_loc     0x0000027a      0x5fd src/masterSerialMgr.o
 .debug_loc     0x00000877      0x26d src/messages_callbacks.o
 .debug_loc     0x00000ae4       0x1e src/PCserialMgr.o
 .debug_loc     0x00000b02      0x3aa src/SOMFY/somfyRS485.o
 .debug_loc     0x00000eac      0x346 src/SOMFY/somfySerialMgr.o
 .debug_loc     0x000011f2       0x60 src/SOMFY/somfy_control.o
 .debug_loc     0x00001252       0x90 src/SOMFY/somfy_settings.o
 .debug_loc     0x000012e2      0x116 src/SOMFY/somfy_status.o
 .debug_loc     0x000013f8       0x13 src/tempSerialMgr.o
 .debug_loc     0x0000140b      0x6b1 c:/program files/atmel/avr studio 5.1/extensions/atmel/avrgcc/3.3.1/avrtoolchain/bin/../lib/gcc/avr/4.5.1/../../../../avr/lib/avrxmega6\libc.a(vfprintf_std.o)
 .debug_loc     0x00001abc       0x50 c:/program files/atmel/avr studio 5.1/extensions/atmel/avrgcc/3.3.1/avrtoolchain/bin/../lib/gcc/avr/4.5.1/../../../../avr/lib/avrxmega6\libc.a(fputc.o)

.debug_macinfo  0x00000000   0x2e719b
 *(.debug_macinfo)
 .debug_macinfo
                0x00000000     0x39c3 src/asf/common/services/calendar/calendar.o
 .debug_macinfo
                0x000039c3    0x1fdce src/asf/common/services/clock/xmega/sysclk.o
 .debug_macinfo
                0x00023791    0x1fe24 src/asf/common/services/serial/usart_serial.o
 .debug_macinfo
                0x000435b5    0x1ee74 src/asf/common/services/sleepmgr/xmega/sleepmgr.o
 .debug_macinfo
                0x00062429    0x1eab0 src/asf/common/utils/stdio/read.o
 .debug_macinfo
                0x00080ed9    0x1eab0 src/asf/common/utils/stdio/write.o
 .debug_macinfo
                0x0009f989    0x1fa44 src/asf/xmega/boards/stk600/rc064x/init.o
 .debug_macinfo
                0x000bf3cd    0x1f069 src/asf/xmega/drivers/ioport/ioport.o
 .debug_macinfo
                0x000de436    0x1edc1 src/asf/xmega/drivers/nvm/nvm.o
 .debug_macinfo
                0x000fd1f7    0x20237 src/asf/xmega/drivers/tc/tc.o
 .debug_macinfo
                0x0011d42e    0x203c5 src/asf/xmega/drivers/usart/usart.o
 .debug_macinfo
                0x0013d7f3    0x2114c src/DTG.o
 .debug_macinfo
                0x0015e93f    0x21d7e src/main.o
 .debug_macinfo
                0x001806bd    0x21463 src/masterSerialMgr.o
 .debug_macinfo
                0x001a1b20    0x1f6bb src/mControl_interface.o
 .debug_macinfo
                0x001c11db    0x1ff47 src/messages_callbacks.o
 .debug_macinfo
                0x001e1122    0x21d52 src/PCserialMgr.o
 .debug_macinfo
                0x00202e74    0x1f474 src/print_func.o
 .debug_macinfo
                0x002222e8    0x20ec3 src/SOMFY/somfyRS485.o
 .debug_macinfo
                0x002431ab    0x21106 src/SOMFY/somfySerialMgr.o
 .debug_macinfo
                0x002642b1    0x1fee5 src/SOMFY/somfy_control.o
 .debug_macinfo
                0x00284196     0x20dd src/SOMFY/somfy_dummyDevice.o
 .debug_macinfo
                0x00286273    0x1fee5 src/SOMFY/somfy_settings.o
 .debug_macinfo
                0x002a6158    0x2055b src/SOMFY/somfy_status.o
 .debug_macinfo
                0x002c66b3    0x20ae8 src/tempSerialMgr.o
OUTPUT(mControl Dummy Controller2.elf elf32-avr)
LOAD linker stubs

.debug_pubtypes
                0x00000000     0x1475
 .debug_pubtypes
                0x00000000       0x55 src/asf/common/services/calendar/calendar.o
 .debug_pubtypes
                0x00000055       0xae src/asf/common/services/clock/xmega/sysclk.o
 .debug_pubtypes
                0x00000103       0x68 src/asf/common/services/serial/usart_serial.o
 .debug_pubtypes
                0x0000016b       0x45 src/asf/common/services/sleepmgr/xmega/sleepmgr.o
 .debug_pubtypes
                0x000001b0       0x12 src/asf/common/utils/stdio/read.o
 .debug_pubtypes
                0x000001c2       0x12 src/asf/common/utils/stdio/write.o
 .debug_pubtypes
                0x000001d4       0x87 src/asf/xmega/boards/stk600/rc064x/init.o
 .debug_pubtypes
                0x0000025b       0x4f src/asf/xmega/drivers/ioport/ioport.o
 .debug_pubtypes
                0x000002aa       0xb9 src/asf/xmega/drivers/nvm/nvm.o
 .debug_pubtypes
                0x00000363       0xed src/asf/xmega/drivers/tc/tc.o
 .debug_pubtypes
                0x00000450      0x1df src/asf/xmega/drivers/usart/usart.o
 .debug_pubtypes
                0x0000062f       0x85 src/DTG.o
 .debug_pubtypes
                0x000006b4      0x13b src/main.o
 .debug_pubtypes
                0x000007ef      0x1f5 src/masterSerialMgr.o
 .debug_pubtypes
                0x000009e4       0x12 src/mControl_interface.o
 .debug_pubtypes
                0x000009f6       0xdf src/messages_callbacks.o
 .debug_pubtypes
                0x00000ad5      0x11a src/PCserialMgr.o
 .debug_pubtypes
                0x00000bef       0x3b src/print_func.o
 .debug_pubtypes
                0x00000c2a      0x162 src/SOMFY/somfyRS485.o
 .debug_pubtypes
                0x00000d8c      0x13c src/SOMFY/somfySerialMgr.o
 .debug_pubtypes
                0x00000ec8       0xe6 src/SOMFY/somfy_control.o
 .debug_pubtypes
                0x00000fae      0x145 src/SOMFY/somfy_settings.o
 .debug_pubtypes
                0x000010f3      0x1cc src/SOMFY/somfy_status.o
 .debug_pubtypes
                0x000012bf       0xf2 src/tempSerialMgr.o
 .debug_pubtypes
                0x000013b1       0x48 c:/program files/atmel/avr studio 5.1/extensions/atmel/avrgcc/3.3.1/avrtoolchain/bin/../lib/gcc/avr/4.5.1/../../../../avr/lib/avrxmega6\libc.a(sprintf.o)
 .debug_pubtypes
                0x000013f9       0x53 c:/program files/atmel/avr studio 5.1/extensions/atmel/avrgcc/3.3.1/avrtoolchain/bin/../lib/gcc/avr/4.5.1/../../../../avr/lib/avrxmega6\libc.a(vfprintf_std.o)
 .debug_pubtypes
                0x0000144c       0x29 c:/program files/atmel/avr studio 5.1/extensions/atmel/avrgcc/3.3.1/avrtoolchain/bin/../lib/gcc/avr/4.5.1/../../../../avr/lib/avrxmega6\libc.a(fputc.o)

.debug_ranges   0x00000000      0x7e8
 .debug_ranges  0x00000000       0x78 src/asf/common/services/calendar/calendar.o
 .debug_ranges  0x00000078       0x30 src/asf/common/services/clock/xmega/sysclk.o
 .debug_ranges  0x000000a8       0x18 src/asf/common/services/serial/usart_serial.o
 .debug_ranges  0x000000c0       0x10 src/asf/common/utils/stdio/read.o
 .debug_ranges  0x000000d0       0x10 src/asf/common/utils/stdio/write.o
 .debug_ranges  0x000000e0       0x10 src/asf/xmega/boards/stk600/rc064x/init.o
 .debug_ranges  0x000000f0       0x10 src/asf/xmega/drivers/ioport/ioport.o
 .debug_ranges  0x00000100      0x118 src/asf/xmega/drivers/nvm/nvm.o
 .debug_ranges  0x00000218       0x20 src/asf/xmega/drivers/nvm/nvm_asm.o
 .debug_ranges  0x00000238      0x188 src/asf/xmega/drivers/tc/tc.o
 .debug_ranges  0x000003c0       0xa0 src/asf/xmega/drivers/usart/usart.o
 .debug_ranges  0x00000460       0x28 src/DTG.o
 .debug_ranges  0x00000488       0x10 src/main.o
 .debug_ranges  0x00000498       0xd0 src/masterSerialMgr.o
 .debug_ranges  0x00000568       0x20 src/mControl_interface.o
 .debug_ranges  0x00000588       0x28 src/messages_callbacks.o
 .debug_ranges  0x000005b0       0x28 src/PCserialMgr.o
 .debug_ranges  0x000005d8       0x20 src/print_func.o
 .debug_ranges  0x000005f8       0x70 src/SOMFY/somfyRS485.o
 .debug_ranges  0x00000668       0x50 src/SOMFY/somfySerialMgr.o
 .debug_ranges  0x000006b8       0x30 src/SOMFY/somfy_control.o
 .debug_ranges  0x000006e8       0x38 src/SOMFY/somfy_settings.o
 .debug_ranges  0x00000720       0x68 src/SOMFY/somfy_status.o
 .debug_ranges  0x00000788       0x18 src/tempSerialMgr.o
 .debug_ranges  0x000007a0       0x10 c:/program files/atmel/avr studio 5.1/extensions/atmel/avrgcc/3.3.1/avrtoolchain/bin/../lib/gcc/avr/4.5.1/../../../../avr/lib/avrxmega6\libc.a(sprintf.o)
 .debug_ranges  0x000007b0       0x28 c:/program files/atmel/avr studio 5.1/extensions/atmel/avrgcc/3.3.1/avrtoolchain/bin/../lib/gcc/avr/4.5.1/../../../../avr/lib/avrxmega6\libc.a(vfprintf_std.o)
 .debug_ranges  0x000007d8       0x10 c:/program files/atmel/avr studio 5.1/extensions/atmel/avrgcc/3.3.1/avrtoolchain/bin/../lib/gcc/avr/4.5.1/../../../../avr/lib/avrxmega6\libc.a(fputc.o)
